// Jest Snapshot v1, https://goo.gl/fbAQLP

exports[`Home Page component UI snapshot of homePage component 1`] = `
<section>
  <section>
    <section
      className="style__HeaderWrapper-s1kbzlmn-0 kIONTA"
    >
      <a
        href="/"
        onClick={[Function]}
        style={
          Object {
            "textDecoration": "none",
          }
        }
      >
        <header>
          <span
            className="logo__TextWrapper-nm9i2-0 huAJcX"
          >
            <img
              alt="blubus logo"
              className="logo__LogoImg-nm9i2-1 eMKueu"
              src="../../public/images/BluBus_192x192.png"
            />
            <h1
              className="logo__LogoText-nm9i2-2 bObqUd"
            >
              BluBus
            </h1>
          </span>
        </header>
      </a>
    </section>
    <article
      className="style__PageWrapper-xm59nd-0 dhcnhC"
    >
      <span
        className="style__InputWrapper-t4p2yc-1 eCZAey"
      >
        <input
          className="style__Input-t4p2yc-0 jGewFw"
          icon="https://res.cloudinary.com/ddbxa4afa/image/upload/v1527944418/blubus/location.svg"
          onChange={[Function]}
          placeholder="Choose your location"
          type="text"
          value=""
        />
        <img
          alt="https://res.cloudinary.com/ddbxa4afa/image/upload/v1527944418/blubus/location.svg"
          className="style__Icon-t4p2yc-2 gyKMQZ"
          src="https://res.cloudinary.com/ddbxa4afa/image/upload/v1527944418/blubus/location.svg"
        />
      </span>
      <div
        style={
          Object {
            "marginBottom": "70px",
            "marginTop": "70px",
          }
        }
      >
        <span
          className="style__InputWrapper-t4p2yc-1 eCZAey"
        >
          <input
            className="style__Input-t4p2yc-0 jGewFw"
            icon="https://res.cloudinary.com/ddbxa4afa/image/upload/v1527944416/blubus/destination.svg"
            onChange={[Function]}
            placeholder="Choose your destination"
            type="text"
            value=""
          />
          <img
            alt="https://res.cloudinary.com/ddbxa4afa/image/upload/v1527944416/blubus/destination.svg"
            className="style__Icon-t4p2yc-2 gyKMQZ"
            src="https://res.cloudinary.com/ddbxa4afa/image/upload/v1527944416/blubus/destination.svg"
          />
        </span>
      </div>
      <span
        className="style__InputWrapper-t4p2yc-1 eCZAey"
      >
        <input
          className="style__Input-t4p2yc-0 jGewFw"
          icon="https://res.cloudinary.com/ddbxa4afa/image/upload/v1531114873/blubus/calendar.svg"
          onChange={[Function]}
          onFocus={[Function]}
          placeholder="Choose date for journey"
          type="text"
          value=""
        />
        <img
          alt="https://res.cloudinary.com/ddbxa4afa/image/upload/v1531114873/blubus/calendar.svg"
          className="style__Icon-t4p2yc-2 gyKMQZ"
          src="https://res.cloudinary.com/ddbxa4afa/image/upload/v1531114873/blubus/calendar.svg"
        />
      </span>
      <div
        style={
          Object {
            "marginTop": "70px",
          }
        }
      >
        <button
          className="Button__ButtonStyle-gjwxrp-0 fiTpLU"
          onClick={[Function]}
        >
          Search Buses
        </button>
      </div>
    </article>
  </section>
</section>
`;
