// Jest Snapshot v1, https://goo.gl/fbAQLP

exports[`Schedules listing component UI snapshots 1`] = `
<section>
  <section
    className="style__HeaderWrapper-s1kbzlmn-0 kIONTA"
  >
    <a
      href="/"
      onClick={[Function]}
      style={
        Object {
          "textDecoration": "none",
        }
      }
    >
      <header>
        <span
          className="logo__TextWrapper-nm9i2-0 huAJcX"
        >
          <img
            alt="blubus logo"
            className="logo__LogoImg-nm9i2-1 eMKueu"
            src="../../public/images/BluBus_192x192.png"
          />
          <h1
            className="logo__LogoText-nm9i2-2 bObqUd"
          >
            BluBus
          </h1>
        </span>
      </header>
    </a>
  </section>
  <section>
    <header
      className="style__JourneyDetailWrapper-s1qs7nmh-2 bITsiF"
    >
      <h2>
        kibuye
      </h2>
      <img
        alt="arrow"
        className="style__FromToArrow-s1qs7nmh-3 dSHauv"
        src="https://res.cloudinary.com/ddbxa4afa/image/upload/v1528049570/blubus/right-arrow.svg"
      />
      <h2>
        Kigali
      </h2>
    </header>
  </section>
  <article
    className="style__ListViewWrapper-s1qs7nmh-0 iCkqyl"
  >
    <section
      className="style__CardWrapper-s1qs7nmh-1 cPWONS"
      onClick={[Function]}
    >
      <header
        className="style__CardHeader-s1qs7nmh-4 hMmTCZ"
      >
        <h2
          className="style__CompanyName-s1qs7nmh-5 gDLqQP"
        >
          MR Travels
        </h2>
        <p
          className="style__Currency-s1qs7nmh-6 kitmCW"
        >
          
           
          
        </p>
      </header>
      <article
        className="style__Timings-s1qs7nmh-7 keHeXf"
      >
        <p>
          
        </p>
        <img
          alt="traveling-bus"
          className="style__BusIcon-s1qs7nmh-9 ilmrMz"
          src="https://res.cloudinary.com/ddbxa4afa/image/upload/v1528048630/blubus/traveling-bus.svg"
        />
        <p>
          
        </p>
        <div
          className="style__TimerWrapper-s1qs7nmh-8 gGJsSN"
        >
          <img
            alt="timer"
            className="style__Timer-s1qs7nmh-10 cmfDyD"
            src="https://res.cloudinary.com/ddbxa4afa/image/upload/v1528048884/blubus/timer.svg"
          />
          <p>
            
             hours
          </p>
        </div>
      </article>
    </section>
    <section
      className="style__CardWrapper-s1qs7nmh-1 cPWONS"
      onClick={[Function]}
    >
      <header
        className="style__CardHeader-s1qs7nmh-4 hMmTCZ"
      >
        <h2
          className="style__CompanyName-s1qs7nmh-5 gDLqQP"
        >
          MRP Travels
        </h2>
        <p
          className="style__Currency-s1qs7nmh-6 kitmCW"
        >
          
           
          
        </p>
      </header>
      <article
        className="style__Timings-s1qs7nmh-7 keHeXf"
      >
        <p>
          
        </p>
        <img
          alt="traveling-bus"
          className="style__BusIcon-s1qs7nmh-9 ilmrMz"
          src="https://res.cloudinary.com/ddbxa4afa/image/upload/v1528048630/blubus/traveling-bus.svg"
        />
        <p>
          
        </p>
        <div
          className="style__TimerWrapper-s1qs7nmh-8 gGJsSN"
        >
          <img
            alt="timer"
            className="style__Timer-s1qs7nmh-10 cmfDyD"
            src="https://res.cloudinary.com/ddbxa4afa/image/upload/v1528048884/blubus/timer.svg"
          />
          <p>
            
             hours
          </p>
        </div>
      </article>
    </section>
  </article>
</section>
`;
