// Jest Snapshot v1, https://goo.gl/fbAQLP

exports[`Testing ListingCard Component compare snapshot for UI changes 1`] = `
<ListingCard
  arrivalTime="11:00 AM"
  clickHandler={[Function]}
  companyName="Pawan Tours"
  currency="#"
  departureTime="12:30 PM"
  price="511"
  travelTime="9 hours"
>
  <styled.section
    onClick={[Function]}
  >
    <section
      className="sc-bwzfXH hcNNxv"
      onClick={[Function]}
    >
      <styled.header>
        <header
          className="sc-ifAKCX bWqqkl"
        >
          <styled.h2>
            <h2
              className="sc-EHOje hlHsbz"
            >
              Pawan Tours
            </h2>
          </styled.h2>
          <styled.p>
            <p
              className="sc-bZQynM gUHbKa"
            >
              511
               
              #
            </p>
          </styled.p>
        </header>
      </styled.header>
      <styled.article>
        <article
          className="sc-gzVnrw kyzxxf"
        >
          <p>
            11:00 AM
          </p>
          <styled.img
            alt="traveling-bus"
            src="https://res.cloudinary.com/ddbxa4afa/image/upload/v1528048630/blubus/traveling-bus.svg"
          >
            <img
              alt="traveling-bus"
              className="sc-dnqmqq cswPpA"
              src="https://res.cloudinary.com/ddbxa4afa/image/upload/v1528048630/blubus/traveling-bus.svg"
            />
          </styled.img>
          <p>
            12:30 PM
          </p>
          <styled.div>
            <div
              className="sc-htoDjs blXLnW"
            >
              <styled.img
                alt="timer"
                src="https://res.cloudinary.com/ddbxa4afa/image/upload/v1528048884/blubus/timer.svg"
              >
                <img
                  alt="timer"
                  className="sc-iwsKbI chODOK"
                  src="https://res.cloudinary.com/ddbxa4afa/image/upload/v1528048884/blubus/timer.svg"
                />
              </styled.img>
              <p>
                9 hours
                 hours
              </p>
            </div>
          </styled.div>
        </article>
      </styled.article>
    </section>
  </styled.section>
</ListingCard>
`;
