// Jest Snapshot v1, https://goo.gl/fbAQLP

exports[`Testing ListingCard Component compare snapshot for UI changes 1`] = `
<section
  className="sc-bwzfXH hcNNxv"
  onClick={[Function]}
>
  <header
    className="sc-ifAKCX bWqqkl"
  >
    <h2
      className="sc-EHOje hlHsbz"
    >
      Pawan Tours
    </h2>
    <p
      className="sc-bZQynM gUHbKa"
    >
      511
       
      #
    </p>
  </header>
  <article
    className="sc-gzVnrw kyzxxf"
  >
    <p>
      11:00 AM
    </p>
    <img
      alt="traveling-bus"
      className="sc-dnqmqq cswPpA"
      src="https://res.cloudinary.com/ddbxa4afa/image/upload/v1528048630/blubus/traveling-bus.svg"
    />
    <p>
      12:30 PM
    </p>
    <div
      className="sc-htoDjs blXLnW"
    >
      <img
        alt="timer"
        className="sc-iwsKbI chODOK"
        src="https://res.cloudinary.com/ddbxa4afa/image/upload/v1528048884/blubus/timer.svg"
      />
      <p>
        9 hours
         hours
      </p>
    </div>
  </article>
</section>
`;
