// Jest Snapshot v1, https://goo.gl/fbAQLP

exports[`Testing ListingCard Component compare snapshot for UI changes 1`] = `
<section
  className="style__CardWrapper-s1qs7nmh-1 cPWONS"
  onClick={[Function]}
>
  <header
    className="style__CardHeader-s1qs7nmh-4 hMmTCZ"
  >
    <h2
      className="style__CompanyName-s1qs7nmh-5 gDLqQP"
    >
      Pawan Tours
    </h2>
    <p
      className="style__Currency-s1qs7nmh-6 kitmCW"
    >
      511
       
      #
    </p>
  </header>
  <article
    className="style__Timings-s1qs7nmh-7 keHeXf"
  >
    <p>
      11:00 AM
    </p>
    <img
      alt="traveling-bus"
      className="style__BusIcon-s1qs7nmh-9 ilmrMz"
      src="https://res.cloudinary.com/ddbxa4afa/image/upload/v1528048630/blubus/traveling-bus.svg"
    />
    <p>
      12:30 PM
    </p>
    <div
      className="style__TimerWrapper-s1qs7nmh-8 gGJsSN"
    >
      <img
        alt="timer"
        className="style__Timer-s1qs7nmh-10 cmfDyD"
        src="https://res.cloudinary.com/ddbxa4afa/image/upload/v1528048884/blubus/timer.svg"
      />
      <p>
        9 hours
         hours
      </p>
    </div>
  </article>
</section>
`;
